<!DOCTYPE html>
<html>
<body>
<svg viewBox="-2.000000 -2.000000 504.000000 226.222222" width="50%">
<line x1="0.000000" y1="222.222222" x2="55.555556" y2="222.222222" stroke="black" />
<line x1="55.555556" y1="222.222222" x2="55.555556" y2="166.666667" stroke="black" />
<line x1="55.555556" y1="166.666667" x2="111.111111" y2="166.666667" stroke="black" />
<line x1="111.111111" y1="166.666667" x2="111.111111" y2="222.222222" stroke="black" />
<line x1="111.111111" y1="222.222222" x2="166.666667" y2="222.222222" stroke="black" />
<line x1="166.666667" y1="222.222222" x2="166.666667" y2="166.666667" stroke="black" />
<line x1="166.666667" y1="166.666667" x2="111.111111" y2="166.666667" stroke="black" />
<line x1="111.111111" y1="166.666667" x2="111.111111" y2="111.111111" stroke="black" />
<line x1="111.111111" y1="111.111111" x2="166.666667" y2="111.111111" stroke="black" />
<line x1="166.666667" y1="111.111111" x2="166.666667" y2="55.555556" stroke="black" />
<line x1="166.666667" y1="55.555556" x2="222.222222" y2="55.555556" stroke="black" />
<line x1="222.222222" y1="55.555556" x2="222.222222" y2="0.000000" stroke="black" />
<line x1="222.222222" y1="0.000000" x2="277.777778" y2="0.000000" stroke="black" />
<line x1="277.777778" y1="0.000000" x2="277.777778" y2="55.555556" stroke="black" />
<line x1="277.777778" y1="55.555556" x2="333.333333" y2="55.555556" stroke="black" />
<line x1="333.333333" y1="55.555556" x2="333.333333" y2="111.111111" stroke="black" />
<line x1="333.333333" y1="111.111111" x2="388.888889" y2="111.111111" stroke="black" />
<line x1="388.888889" y1="111.111111" x2="388.888889" y2="166.666667" stroke="black" />
<line x1="388.888889" y1="166.666667" x2="333.333333" y2="166.666667" stroke="black" />
<line x1="333.333333" y1="166.666667" x2="333.333333" y2="222.222222" stroke="black" />
<line x1="333.333333" y1="222.222222" x2="388.888889" y2="222.222222" stroke="black" />
<line x1="388.888889" y1="222.222222" x2="388.888889" y2="166.666667" stroke="black" />
<line x1="388.888889" y1="166.666667" x2="444.444444" y2="166.666667" stroke="black" />
<line x1="444.444444" y1="166.666667" x2="444.444444" y2="222.222222" stroke="black" />
<line x1="444.444444" y1="222.222222" x2="500.000000" y2="222.222222" stroke="black" />
</svg>
</body>
</html>
