<!DOCTYPE html>
<html>
<body>
<svg viewBox="-2.000000 -2.000000 504.000000 244.740741">
<line x1="0.000000" y1="240.740741" x2="18.518519" y2="240.740741" stroke="black" />
<line x1="18.518519" y1="240.740741" x2="18.518519" y2="222.222222" stroke="black" />
<line x1="18.518519" y1="222.222222" x2="37.037037" y2="222.222222" stroke="black" />
<line x1="37.037037" y1="222.222222" x2="37.037037" y2="240.740741" stroke="black" />
<line x1="37.037037" y1="240.740741" x2="55.555556" y2="240.740741" stroke="black" />
<line x1="55.555556" y1="240.740741" x2="55.555556" y2="222.222222" stroke="black" />
<line x1="55.555556" y1="222.222222" x2="37.037037" y2="222.222222" stroke="black" />
<line x1="37.037037" y1="222.222222" x2="37.037037" y2="203.703704" stroke="black" />
<line x1="37.037037" y1="203.703704" x2="55.555556" y2="203.703704" stroke="black" />
<line x1="55.555556" y1="203.703704" x2="55.555556" y2="185.185185" stroke="black" />
<line x1="55.555556" y1="185.185185" x2="74.074074" y2="185.185185" stroke="black" />
<line x1="74.074074" y1="185.185185" x2="74.074074" y2="166.666667" stroke="black" />
<line x1="74.074074" y1="166.666667" x2="92.592593" y2="166.666667" stroke="black" />
<line x1="92.592593" y1="166.666667" x2="92.592593" y2="185.185185" stroke="black" />
<line x1="92.592593" y1="185.185185" x2="111.111111" y2="185.185185" stroke="black" />
<line x1="111.111111" y1="185.185185" x2="111.111111" y2="203.703704" stroke="black" />
<line x1="111.111111" y1="203.703704" x2="129.629630" y2="203.703704" stroke="black" />
<line x1="129.629630" y1="203.703704" x2="129.629630" y2="222.222222" stroke="black" />
<line x1="129.629630" y1="222.222222" x2="111.111111" y2="222.222222" stroke="black" />
<line x1="111.111111" y1="222.222222" x2="111.111111" y2="240.740741" stroke="black" />
<line x1="111.111111" y1="240.740741" x2="129.629630" y2="240.740741" stroke="black" />
<line x1="129.629630" y1="240.740741" x2="129.629630" y2="222.222222" stroke="black" />
<line x1="129.629630" y1="222.222222" x2="148.148148" y2="222.222222" stroke="black" />
<line x1="148.148148" y1="222.222222" x2="148.148148" y2="240.740741" stroke="black" />
<line x1="148.148148" y1="240.740741" x2="166.666667" y2="240.740741" stroke="black" />
<line x1="166.666667" y1="240.740741" x2="166.666667" y2="222.222222" stroke="black" />
<line x1="166.666667" y1="222.222222" x2="148.148148" y2="222.222222" stroke="black" />
<line x1="148.148148" y1="222.222222" x2="148.148148" y2="203.703704" stroke="black" />
<line x1="148.148148" y1="203.703704" x2="166.666667" y2="203.703704" stroke="black" />
<line x1="166.666667" y1="203.703704" x2="166.666667" y2="185.185185" stroke="black" />
<line x1="166.666667" y1="185.185185" x2="148.148148" y2="185.185185" stroke="black" />
<line x1="148.148148" y1="185.185185" x2="148.148148" y2="203.703704" stroke="black" />
<line x1="148.148148" y1="203.703704" x2="129.629630" y2="203.703704" stroke="black" />
<line x1="129.629630" y1="203.703704" x2="129.629630" y2="185.185185" stroke="black" />
<line x1="129.629630" y1="185.185185" x2="111.111111" y2="185.185185" stroke="black" />
<line x1="111.111111" y1="185.185185" x2="111.111111" y2="166.666667" stroke="black" />
<line x1="111.111111" y1="166.666667" x2="92.592593" y2="166.666667" stroke="black" />
<line x1="92.592593" y1="166.666667" x2="92.592593" y2="148.148148" stroke="black" />
<line x1="92.592593" y1="148.148148" x2="111.111111" y2="148.148148" stroke="black" />
<line x1="111.111111" y1="148.148148" x2="111.111111" y2="129.629630" stroke="black" />
<line x1="111.111111" y1="129.629630" x2="129.629630" y2="129.629630" stroke="black" />
<line x1="129.629630" y1="129.629630" x2="129.629630" y2="111.111111" stroke="black" />
<line x1="129.629630" y1="111.111111" x2="148.148148" y2="111.111111" stroke="black" />
<line x1="148.148148" y1="111.111111" x2="148.148148" y2="129.629630" stroke="black" />
<line x1="148.148148" y1="129.629630" x2="166.666667" y2="129.629630" stroke="black" />
<line x1="166.666667" y1="129.629630" x2="166.666667" y2="111.111111" stroke="black" />
<line x1="166.666667" y1="111.111111" x2="148.148148" y2="111.111111" stroke="black" />
<line x1="148.148148" y1="111.111111" x2="148.148148" y2="92.592593" stroke="black" />
<line x1="148.148148" y1="92.592593" x2="166.666667" y2="92.592593" stroke="black" />
<line x1="166.666667" y1="92.592593" x2="166.666667" y2="74.074074" stroke="black" />
<line x1="166.666667" y1="74.074074" x2="185.185185" y2="74.074074" stroke="black" />
<line x1="185.185185" y1="74.074074" x2="185.185185" y2="55.555556" stroke="black" />
<line x1="185.185185" y1="55.555556" x2="203.703704" y2="55.555556" stroke="black" />
<line x1="203.703704" y1="55.555556" x2="203.703704" y2="74.074074" stroke="black" />
<line x1="203.703704" y1="74.074074" x2="222.222222" y2="74.074074" stroke="black" />
<line x1="222.222222" y1="74.074074" x2="222.222222" y2="55.555556" stroke="black" />
<line x1="222.222222" y1="55.555556" x2="203.703704" y2="55.555556" stroke="black" />
<line x1="203.703704" y1="55.555556" x2="203.703704" y2="37.037037" stroke="black" />
<line x1="203.703704" y1="37.037037" x2="222.222222" y2="37.037037" stroke="black" />
<line x1="222.222222" y1="37.037037" x2="222.222222" y2="18.518519" stroke="black" />
<line x1="222.222222" y1="18.518519" x2="240.740741" y2="18.518519" stroke="black" />
<line x1="240.740741" y1="18.518519" x2="240.740741" y2="0.000000" stroke="black" />
<line x1="240.740741" y1="0.000000" x2="259.259259" y2="0.000000" stroke="black" />
<line x1="259.259259" y1="0.000000" x2="259.259259" y2="18.518519" stroke="black" />
<line x1="259.259259" y1="18.518519" x2="277.777778" y2="18.518519" stroke="black" />
<line x1="277.777778" y1="18.518519" x2="277.777778" y2="37.037037" stroke="black" />
<line x1="277.777778" y1="37.037037" x2="296.296296" y2="37.037037" stroke="black" />
<line x1="296.296296" y1="37.037037" x2="296.296296" y2="55.555556" stroke="black" />
<line x1="296.296296" y1="55.555556" x2="277.777778" y2="55.555556" stroke="black" />
<line x1="277.777778" y1="55.555556" x2="277.777778" y2="74.074074" stroke="black" />
<line x1="277.777778" y1="74.074074" x2="296.296296" y2="74.074074" stroke="black" />
<line x1="296.296296" y1="74.074074" x2="296.296296" y2="55.555556" stroke="black" />
<line x1="296.296296" y1="55.555556" x2="314.814815" y2="55.555556" stroke="black" />
<line x1="314.814815" y1="55.555556" x2="314.814815" y2="74.074074" stroke="black" />
<line x1="314.814815" y1="74.074074" x2="333.333333" y2="74.074074" stroke="black" />
<line x1="333.333333" y1="74.074074" x2="333.333333" y2="92.592593" stroke="black" />
<line x1="333.333333" y1="92.592593" x2="351.851852" y2="92.592593" stroke="black" />
<line x1="351.851852" y1="92.592593" x2="351.851852" y2="111.111111" stroke="black" />
<line x1="351.851852" y1="111.111111" x2="333.333333" y2="111.111111" stroke="black" />
<line x1="333.333333" y1="111.111111" x2="333.333333" y2="129.629630" stroke="black" />
<line x1="333.333333" y1="129.629630" x2="351.851852" y2="129.629630" stroke="black" />
<line x1="351.851852" y1="129.629630" x2="351.851852" y2="111.111111" stroke="black" />
<line x1="351.851852" y1="111.111111" x2="370.370370" y2="111.111111" stroke="black" />
<line x1="370.370370" y1="111.111111" x2="370.370370" y2="129.629630" stroke="black" />
<line x1="370.370370" y1="129.629630" x2="388.888889" y2="129.629630" stroke="black" />
<line x1="388.888889" y1="129.629630" x2="388.888889" y2="148.148148" stroke="black" />
<line x1="388.888889" y1="148.148148" x2="407.407407" y2="148.148148" stroke="black" />
<line x1="407.407407" y1="148.148148" x2="407.407407" y2="166.666667" stroke="black" />
<line x1="407.407407" y1="166.666667" x2="388.888889" y2="166.666667" stroke="black" />
<line x1="388.888889" y1="166.666667" x2="388.888889" y2="185.185185" stroke="black" />
<line x1="388.888889" y1="185.185185" x2="370.370370" y2="185.185185" stroke="black" />
<line x1="370.370370" y1="185.185185" x2="370.370370" y2="203.703704" stroke="black" />
<line x1="370.370370" y1="203.703704" x2="351.851852" y2="203.703704" stroke="black" />
<line x1="351.851852" y1="203.703704" x2="351.851852" y2="185.185185" stroke="black" />
<line x1="351.851852" y1="185.185185" x2="333.333333" y2="185.185185" stroke="black" />
<line x1="333.333333" y1="185.185185" x2="333.333333" y2="203.703704" stroke="black" />
<line x1="333.333333" y1="203.703704" x2="351.851852" y2="203.703704" stroke="black" />
<line x1="351.851852" y1="203.703704" x2="351.851852" y2="222.222222" stroke="black" />
<line x1="351.851852" y1="222.222222" x2="333.333333" y2="222.222222" stroke="black" />
<line x1="333.333333" y1="222.222222" x2="333.333333" y2="240.740741" stroke="black" />
<line x1="333.333333" y1="240.740741" x2="351.851852" y2="240.740741" stroke="black" />
<line x1="351.851852" y1="240.740741" x2="351.851852" y2="222.222222" stroke="black" />
<line x1="351.851852" y1="222.222222" x2="370.370370" y2="222.222222" stroke="black" />
<line x1="370.370370" y1="222.222222" x2="370.370370" y2="240.740741" stroke="black" />
<line x1="370.370370" y1="240.740741" x2="388.888889" y2="240.740741" stroke="black" />
<line x1="388.888889" y1="240.740741" x2="388.888889" y2="222.222222" stroke="black" />
<line x1="388.888889" y1="222.222222" x2="370.370370" y2="222.222222" stroke="black" />
<line x1="370.370370" y1="222.222222" x2="370.370370" y2="203.703704" stroke="black" />
<line x1="370.370370" y1="203.703704" x2="388.888889" y2="203.703704" stroke="black" />
<line x1="388.888889" y1="203.703704" x2="388.888889" y2="185.185185" stroke="black" />
<line x1="388.888889" y1="185.185185" x2="407.407407" y2="185.185185" stroke="black" />
<line x1="407.407407" y1="185.185185" x2="407.407407" y2="166.666667" stroke="black" />
<line x1="407.407407" y1="166.666667" x2="425.925926" y2="166.666667" stroke="black" />
<line x1="425.925926" y1="166.666667" x2="425.925926" y2="185.185185" stroke="black" />
<line x1="425.925926" y1="185.185185" x2="444.444444" y2="185.185185" stroke="black" />
<line x1="444.444444" y1="185.185185" x2="444.444444" y2="203.703704" stroke="black" />
<line x1="444.444444" y1="203.703704" x2="462.962963" y2="203.703704" stroke="black" />
<line x1="462.962963" y1="203.703704" x2="462.962963" y2="222.222222" stroke="black" />
<line x1="462.962963" y1="222.222222" x2="444.444444" y2="222.222222" stroke="black" />
<line x1="444.444444" y1="222.222222" x2="444.444444" y2="240.740741" stroke="black" />
<line x1="444.444444" y1="240.740741" x2="462.962963" y2="240.740741" stroke="black" />
<line x1="462.962963" y1="240.740741" x2="462.962963" y2="222.222222" stroke="black" />
<line x1="462.962963" y1="222.222222" x2="481.481481" y2="222.222222" stroke="black" />
<line x1="481.481481" y1="222.222222" x2="481.481481" y2="240.740741" stroke="black" />
<line x1="481.481481" y1="240.740741" x2="500.000000" y2="240.740741" stroke="black" />
</svg>
</body>
</html>
