<!DOCTYPE html>
<html>
<body>
<svg viewBox="-2.000000 -2.000000 504.000000 170.666667" width="50%">
<line x1="0.000000" y1="166.666667" x2="166.666667" y2="166.666667" stroke="black" />
<line x1="166.666667" y1="166.666667" x2="166.666667" y2="0.000000" stroke="black" />
<line x1="166.666667" y1="0.000000" x2="333.333333" y2="0.000000" stroke="black" />
<line x1="333.333333" y1="0.000000" x2="333.333333" y2="166.666667" stroke="black" />
<line x1="333.333333" y1="166.666667" x2="500.000000" y2="166.666667" stroke="black" />
</svg>
</body>
</html>
